02-17 02:57:15.607 31382 31382 W OnBackInvokedCallback: OnBackInvokedCallback is not enabled for the application.
02-17 02:57:15.607 31382 31382 W OnBackInvokedCallback: Set 'android:enableOnBackInvokedCallback="true"' in the application manifest.
02-17 02:57:15.607 31382 31382 D InsetsController: show(ime(), fromIme=true)
02-17 02:57:15.610  1567  1655 D EGL_emulation: app_time_stats: avg=150.88ms min=7.03ms max=378.12ms count=8
02-17 02:57:15.610  1567  1567 I DeviceModeUtil: DeviceModeUtil.getDeviceMode():117 Get device mode phone by ui mode:1 and smallestScreenWidthDp:411
02-17 02:57:15.610  1567  1567 I DeviceModeUtil: DeviceModeUtil.getDeviceMode():117 Get device mode phone by ui mode:1 and smallestScreenWidthDp:411
02-17 02:57:15.611  5911  5911 D BoundBrokerSvc: onBind: Intent { act=com.google.android.gms.common.BIND_SHARED_PREFS pkg=com.google.android.gms }
02-17 02:57:15.611  5911  5911 D BoundBrokerSvc: Loading bound service for intent: Intent { act=com.google.android.gms.common.BIND_SHARED_PREFS pkg=com.google.android.gms }
02-17 02:57:15.613  5911  5911 D BoundBrokerSvc: onUnbind: Intent { act=com.google.android.gms.common.BIND_SHARED_PREFS pkg=com.google.android.gms }
02-17 02:57:15.614  5911  5911 D BoundBrokerSvc: onBind: Intent { act=com.google.android.gms.common.BIND_SHARED_PREFS pkg=com.google.android.gms }
02-17 02:57:15.614  5911  5911 D BoundBrokerSvc: Loading bound service for intent: Intent { act=com.google.android.gms.common.BIND_SHARED_PREFS pkg=com.google.android.gms }
02-17 02:57:15.615  5911  5911 D BoundBrokerSvc: onUnbind: Intent { act=com.google.android.gms.common.BIND_SHARED_PREFS pkg=com.google.android.gms }
02-17 02:57:15.616   414   508 W TransactionTracing: Could not find layer id -1
02-17 02:57:15.721   414   508 W TransactionTracing: Could not find layer id -1
02-17 02:57:15.949 31382 31382 D UiControllerImpl: Injecting string: "Aaa111111@"
02-17 02:57:15.968   583  5459 D InputDispatcher: Touch mode switch rejected, caller (pid=0, uid=10166) doesn't own the focused window nor none of the previously interacted window
02-17 02:57:15.986   774  1031 D EGL_emulation: app_time_stats: avg=17.11ms min=12.42ms max=37.01ms count=58
02-17 02:57:16.006 31382 31445 D EGL_emulation: app_time_stats: avg=34.55ms min=12.72ms max=381.99ms count=29
02-17 02:57:16.185 31382 31382 I ViewInteraction: Performing 'close keyboard' action on view view.getRootView() to equal view
02-17 02:57:16.185 31382 31382 D IdlingRegistry: Registering idling resources: [androidx.test.espresso.action.CloseKeyboardAction$CloseKeyboardIdlingResult@b61a80b]
02-17 02:57:16.187  1567  1567 I GoogleInputMethodService: GoogleInputMethodService.onFinishInputView():2266
02-17 02:57:16.187  1567  1567 W TooltipLifecycleManager: TooltipLifecycleManager.dismissTooltips():159 Tooltip with id spell_check_add_to_dictionary not found in tooltipManager.
02-17 02:57:16.187  1567  1567 I AndroidIME: AbstractIme.onDeactivate():213 PasswordIme.onDeactivate()
02-17 02:57:16.200   414   508 W TransactionTracing: Could not find layer id -1
02-17 02:57:16.419   414   508 W TransactionTracing: Could not find layer id -1
02-17 02:57:16.419   414   508 W TransactionTracing: Could not find layer id -1
02-17 02:57:16.490 31382 31382 D IdlingRegistry: Unregistering idling resources: [androidx.test.espresso.action.CloseKeyboardAction$CloseKeyboardIdlingResult@b61a80b]
02-17 02:57:16.505 31382 31382 I ViewInteraction: Performing 'single click' action on view view.getId() is <2131230978/com.example.quickcash:id/loginLink>
02-17 02:57:16.507  1087  1087 D TaplEvents: TIS / TouchInteractionService.onInputEvent: MotionEvent { action=ACTION_DOWN, actionButton=0, id[0]=0, x[0]=539.5, y[0]=2086.0, toolType[0]=TOOL_TYPE_UNKNOWN, buttonState=BUTTON_PRIMARY, classification=NONE, metaState=0, flags=0x0, edgeFlags=0x0, pointerCount=1, historySize=0, eventTime=22163665, downTime=22163665, deviceId=-1, source=0x1002, displayId=0, eventId=-121886005 }
02-17 02:57:16.517   414   508 W TransactionTracing: Could not find layer id -1
02-17 02:57:16.517   414   508 W TransactionTracing: Could not find layer id -1
02-17 02:57:16.517   414   508 W TransactionTracing: Could not find layer id -1
02-17 02:57:16.517   414   508 W TransactionTracing: Could not find layer id -1
02-17 02:57:16.572  1087  1087 D TaplEvents: TIS / TouchInteractionService.onInputEvent: MotionEvent { action=ACTION_UP, actionButton=0, id[0]=0, x[0]=539.5, y[0]=2086.0, toolType[0]=TOOL_TYPE_UNKNOWN, buttonState=BUTTON_PRIMARY, classification=NONE, metaState=0, flags=0x0, edgeFlags=0x0, pointerCount=1, historySize=0, eventTime=22163731, downTime=22163665, deviceId=-1, source=0x1002, displayId=0, eventId=-902626086 }
02-17 02:57:16.790 31382 31382 I ViewInteraction: Checking 'androidx.test.espresso.intent.Intents$2@31db994' assertion on view view.getRootView() to equal view
02-17 02:57:16.795 31382 31479 V UiAutomation: Init UiAutomation@eab4c3d[id=3, flags=0]
02-17 02:57:16.795  1691  2060 I AiAiEcho: Settings cha with uri: content://settings/secure/accessibility_enabled
02-17 02:57:16.796  1691  1764 I AiAiEcho: Predicting[0]:
02-17 02:57:16.797  1975  2253 I A       : NGA disabled due to not being eligible.
02-17 02:57:16.797  1691  1764 I AiAiEcho: Ranked targets strategy: SORT, count: 0, ranking metadata:
02-17 02:57:16.797  1691  1764 I AiAiEcho: Predicting[0]:
02-17 02:57:16.797 31382 31382 D takeScreenshot: Found 1 global views to redraw
02-17 02:57:16.797  1691  1764 I AiAiEcho: Ranked targets strategy: SORT, count: 0, ranking metadata:
02-17 02:57:16.798  1691  1764 I AiAiEcho: Predicting[0]:
02-17 02:57:16.798  1691  1764 I AiAiEcho: Ranked targets strategy: SORT, count: 0, ranking metadata:
02-17 02:57:16.798  1691  1764 I AiAiEcho: #postPredictionTargets: Sending updates to UISurface lockscreen with targets# 0
02-17 02:57:16.799  1691  1764 I AiAiEcho: #postPredictionTargets: Sending updates to UISurface home with targets# 0
02-17 02:57:16.803  1087  1087 E BcSmartspaceCard: No tap action can be set up
02-17 02:57:16.804  1691  1764 I AiAiEcho: #postPredictionTargets: Sending updates to UISurface media_data_manager with targets# 0
02-17 02:57:16.805  1691  1764 I AiAiEcho: #postPredictionTargets: Sending updates to UISurface lockscreen with targets# 0
02-17 02:57:16.805  1691  1764 I AiAiEcho: #postPredictionTargets: Sending updates to UISurface home with targets# 0
02-17 02:57:16.805  1691  1764 I AiAiEcho: #postPredictionTargets: Sending updates to UISurface media_data_manager with targets# 0
02-17 02:57:16.805  1691  1764 I AiAiEcho: #postPredictionTargets: Sending updates to UISurface lockscreen with targets# 0
02-17 02:57:16.805  1691  1764 I AiAiEcho: #postPredictionTargets: Sending updates to UISurface home with targets# 0
02-17 02:57:16.805  1087  1087 E BcSmartspaceCard: No tap action can be set up
02-17 02:57:16.805  1691  1764 I AiAiEcho: #postPredictionTargets: Sending updates to UISurface media_data_manager with targets# 0
02-17 02:57:16.805  1087  1087 E BcSmartspaceCard: No tap action can be set up
02-17 02:57:16.817   386   438 D goldfish-address-space: claimShared: Ask to claim region [0x174000000 0x1749a4000]
02-17 02:57:16.822   221   221 I hwservicemanager: getTransport: Cannot find entry android.hardware.graphics.mapper@4.0::IMapper/default in either framework or device VINTF manifest.
02-17 02:57:16.823 31344 31380 I Gralloc4: mapper 4.x is not supported
02-17 02:57:16.834 31344 31380 D HostConnection: createUnique: call
02-17 02:57:16.834 31344 31380 D HostConnection: HostConnection::get() New Host Connection established 0xb4000079cf98d990, tid 31380
02-17 02:57:16.834 31344 31380 D goldfish-address-space: allocate: Ask for block of size 0x100
02-17 02:57:16.834 31344 31380 D goldfish-address-space: allocate: ioctl allocate returned offset 0x173ff8000 size 0x8000
02-17 02:57:16.837 31344 31380 D HostConnection: HostComposition ext ANDROID_EMU_CHECKSUM_HELPER_v1 ANDROID_EMU_native_sync_v2 ANDROID_EMU_native_sync_v3 ANDROID_EMU_native_sync_v4 ANDROID_EMU_dma_v1 ANDROID_EMU_direct_mem ANDROID_EMU_host_composition_v1 ANDROID_EMU_host_composition_v2 ANDROID_EMU_vulkan ANDROID_EMU_deferred_vulkan_commands ANDROID_EMU_vulkan_null_optional_strings ANDROID_EMU_vulkan_create_resources_with_requirements ANDROID_EMU_YUV_Cache ANDROID_EMU_vulkan_ignored_handles ANDROID_EMU_has_shared_slots_host_memory_allocator ANDROID_EMU_vulkan_free_memory_sync ANDROID_EMU_vulkan_shader_float16_int8 ANDROID_EMU_vulkan_async_queue_submit ANDROID_EMU_vulkan_queue_submit_with_commands ANDROID_EMU_sync_buffer_data ANDROID_EMU_read_color_buffer_dma ANDROID_EMU_hwc_multi_configs GL_OES_EGL_image_external_essl3 GL_OES_vertex_array_object GL_KHR_texture_compression_astc_ldr ANDROID_EMU_host_side_tracing ANDROID_EMU_gles_max_version_3_0
02-17 02:57:16.840 31344 31483 D libEGL  : loaded /vendor/lib64/egl/libEGL_emulation.so
02-17 02:57:16.841 31344 31483 D libEGL  : loaded /vendor/lib64/egl/libGLESv1_CM_emulation.so
02-17 02:57:16.842 31344 31483 D libEGL  : loaded /vendor/lib64/egl/libGLESv2_emulation.so
02-17 02:57:16.847 31344 31483 D HostConnection: createUnique: call
02-17 02:57:16.848 31344 31483 D HostConnection: HostConnection::get() New Host Connection established 0xb4000079cf98df90, tid 31483
02-17 02:57:16.849 31344 31483 D HostConnection: HostComposition ext ANDROID_EMU_CHECKSUM_HELPER_v1 ANDROID_EMU_native_sync_v2 ANDROID_EMU_native_sync_v3 ANDROID_EMU_native_sync_v4 ANDROID_EMU_dma_v1 ANDROID_EMU_direct_mem ANDROID_EMU_host_composition_v1 ANDROID_EMU_host_composition_v2 ANDROID_EMU_vulkan ANDROID_EMU_deferred_vulkan_commands ANDROID_EMU_vulkan_null_optional_strings ANDROID_EMU_vulkan_create_resources_with_requirements ANDROID_EMU_YUV_Cache ANDROID_EMU_vulkan_ignored_handles ANDROID_EMU_has_shared_slots_host_memory_allocator ANDROID_EMU_vulkan_free_memory_sync ANDROID_EMU_vulkan_shader_float16_int8 ANDROID_EMU_vulkan_async_queue_submit ANDROID_EMU_vulkan_queue_submit_with_commands ANDROID_EMU_sync_buffer_data ANDROID_EMU_read_color_buffer_dma ANDROID_EMU_hwc_multi_configs GL_OES_EGL_image_external_essl3 GL_OES_vertex_array_object GL_KHR_texture_compression_astc_ldr ANDROID_EMU_host_side_tracing ANDROID_EMU_gles_max_version_3_0
02-17 02:57:16.850 31344 31483 W OpenGLRenderer: Failed to choose config with EGL_SWAP_BEHAVIOR_PRESERVED, retrying without...
02-17 02:57:16.850 31344 31483 W OpenGLRenderer: Failed to initialize 101010-2 format, error = EGL_SUCCESS
02-17 02:57:16.851 31344 31483 D EGL_emulation: eglCreateContext: 0xb4000079cf98c190: maj 3 min 0 rcv 3
02-17 02:57:16.852 31344 31483 D EGL_emulation: eglMakeCurrent: 0xb4000079cf98c190: ver 3 0 (tinfo 0x7bed611080) (first time)
02-17 02:57:16.878  1663  1995 W MediaProvider: isAppCloneUserPair for user 0: false
02-17 02:57:16.879  1663  1995 V MediaProvider: Inserted id:1000000611 less than next row id backup:1000001000.
02-17 02:57:16.895  1289 31201 I NetworkScheduler.Stats: Task com.google.android.gms/com.google.android.gms.ipa.base.IpaGcmTaskService started execution. cause:9 exec_start_elapsed_seconds: 22164 [CONTEXT service_id=218 ]
02-17 02:57:16.897  1289 30589 I NetworkScheduler.Stats: Task com.google.android.gms/com.google.android.gms.ipa.base.IpaGcmTaskService finished executing. cause:9 result: 1 elapsed_millis: 4 uptime_millis: 4 exec_start_elapsed_seconds: 22164 [CONTEXT service_id=218 ]
02-17 02:57:16.899   414   508 W TransactionTracing: Could not find layer id -1
02-17 02:57:16.899   414   508 W TransactionTracing: Could not find layer id -1
02-17 02:57:16.949   414   508 W TransactionTracing: Could not find layer handle 0xb400007d4295a230
02-17 02:57:16.951   774  1016 D SplashScreenView: Build android.window.SplashScreenView{3836e7 V.E...... ......ID 0,0-0,0}
02-17 02:57:16.951   774  1016 D SplashScreenView: Icon: view: null drawable: null size: 0
02-17 02:57:16.951   774  1016 D SplashScreenView: Branding: view: android.view.View{653f294 G.ED..... ......I. 0,0-0,0 #10204db android:id/splashscreen_branding_view} drawable: null size w: 0 h: 0
02-17 02:57:16.953  1663  1827 D PickerSyncController: Fetching SyncRequestParams. Authority: com.android.providers.media.photopicker. LatestMediaCollectionInfo: Bundle[{last_media_sync_generation=3578, media_collection_id=1308:eff46267-da2e-4a14-a065-a57a5de3439f:external_primary}]. CachedMediaCollectionInfo: Bundle[{last_media_sync_generation=3570, media_collection_id=1308:eff46267-da2e-4a14-a065-a57a5de3439f:external_primary}]
02-17 02:57:16.953  1663  1827 D PickerSyncController: SyncRequestParams. Authority: com.android.providers.media.photopicker. Result: SYNC_TYPE_INCREMENTAL
02-17 02:57:16.953  1663  1827 I PickerSyncController: Executing SyncAdd. authority: com.android.providers.media.photopicker
02-17 02:57:16.954 31382 31382 D LifecycleMonitor: Lifecycle status change: com.example.quickcash.RegisterPage@58ce3e9 in: PAUSED
02-17 02:57:16.954 31382 31382 V ActivityScenario: Update currentActivityStage to PAUSED, currentActivity=com.example.quickcash.RegisterPage@58ce3e9
02-17 02:57:16.955  1663  1827 I PickerSyncController: Paged sync successful. QueryArgs: Bundle[{android.provider.extra.SYNC_GENERATION=3570}]. Result count: 0. Cursor count: 0
02-17 02:57:16.955  1663  1827 I PickerSyncController: Executing SyncRemove. authority: com.android.providers.media.photopicker
02-17 02:57:16.956  1663  1827 W PickerDbFacade: Unable to promote cloud media with localId: 1000000610
02-17 02:57:16.956  1663  1827 I PickerSyncController: Paged sync successful. QueryArgs: Bundle[{android.provider.extra.SYNC_GENERATION=3570}]. Result count: 0. Cursor count: 1
02-17 02:57:16.956  1663  1827 D PickerSyncController: Fetching SyncRequestParams. Null cloud authority. Result: SYNC_TYPE_RESET
02-17 02:57:16.956  1663  1827 I PickerSyncController: Executing SyncReset. authority: null
02-17 02:57:16.956  1663  1827 I PickerSyncController: SyncReset. Authority: null. Result count: 0
02-17 02:57:16.956  1663  1827 D PickerSyncController: Ignoring cache media info for null authority with bundle: null
02-17 02:57:16.956  1663  1827 I PickerSyncController: Executing SyncAlbumReset. authority: com.android.providers.media.photopicker. albumId: null
02-17 02:57:16.956  1663  1827 I PickerSyncController: Successfully executed SyncResetAlbum. authority: com.android.providers.media.photopicker. albumId: null. Result count: 0
02-17 02:57:16.956  1663  1827 I PickerSyncController: Executing SyncAlbumReset. authority: null. albumId: null
02-17 02:57:16.956  1663  1827 I PickerSyncController: Successfully executed SyncResetAlbum. authority: null. albumId: null. Result count: 0
02-17 02:57:16.966   369   369 D Zygote  : Forked child process 31484
02-17 02:57:16.971 31484 31484 I .quickcash.test: Late-enabling -Xcheck:jni
02-17 02:57:16.991   774  1031 D EGL_emulation: app_time_stats: avg=14.16ms min=1.05ms max=32.95ms count=59
02-17 02:57:16.994   457   469 I adbd    : jdwp connection from 31484
02-17 02:57:17.012 31382 31445 D EGL_emulation: app_time_stats: avg=38.69ms min=13.37ms max=248.19ms count=26
02-17 02:57:17.017   386   438 D goldfish-address-space: claimShared: Ask to claim region [0x1749a4000 0x175348000]
02-17 02:57:17.027   386   438 D goldfish-address-space: claimShared: Ask to claim region [0x175348000 0x175cec000]
02-17 02:57:17.028 31484 31484 D CompatibilityChangeReporter: Compat change id reported: 171979766; UID 10169; state: ENABLED
02-17 02:57:17.028   386   438 D goldfish-address-space: claimShared: Ask to claim region [0x17c000000 0x17c9a4000]
02-17 02:57:17.032 31484 31484 D ApplicationLoaders: Returning zygote-cached class loader: /system/framework/android.test.base.jar
02-17 02:57:17.041 31484 31484 D nativeloader: Configuring classloader-namespace for other apk /system/framework/android.test.mock.jar. target_sdk_version=33, uses_libraries=ALL, library_path=/data/app/~~NddYgiLplbB7tDhDnt_Xgg==/com.example.quickcash.test-CwWRMN9Dqtutj7l1i0lKcA==/lib/arm64, permitted_path=/data:/mnt/expand:/data/user/0/com.example.quickcash.test
02-17 02:57:17.041 31484 31484 D ApplicationLoaders: Returning zygote-cached class loader: /system/framework/android.test.base.jar
02-17 02:57:17.041 31484 31484 W .quickcash.test: ClassLoaderContext shared library size mismatch. Expected=0, found=2 (PCL[] | PCL[]{PCL[/system/framework/android.test.base.jar*1628045882]#PCL[/system/framework/android.test.mock.jar*849501951]})
02-17 02:57:17.041 31484 31484 D nativeloader: Configuring classloader-namespace for other apk /system/framework/android.test.runner.jar. target_sdk_version=33, uses_libraries=ALL, library_path=/data/app/~~NddYgiLplbB7tDhDnt_Xgg==/com.example.quickcash.test-CwWRMN9Dqtutj7l1i0lKcA==/lib/arm64, permitted_path=/data:/mnt/expand:/data/user/0/com.example.quickcash.test
02-17 02:57:17.042 31484 31484 W ziparchive: Unable to open '/data/app/~~NddYgiLplbB7tDhDnt_Xgg==/com.example.quickcash.test-CwWRMN9Dqtutj7l1i0lKcA==/base.dm': No such file or directory
02-17 02:57:17.042 31484 31484 W ziparchive: Unable to open '/data/app/~~NddYgiLplbB7tDhDnt_Xgg==/com.example.quickcash.test-CwWRMN9Dqtutj7l1i0lKcA==/base.dm': No such file or directory
02-17 02:57:17.061   774  1031 W Parcel  : Expecting binder but got null!
02-17 02:57:17.066 31484 31484 D nativeloader: Configuring classloader-namespace for other apk /data/app/~~NddYgiLplbB7tDhDnt_Xgg==/com.example.quickcash.test-CwWRMN9Dqtutj7l1i0lKcA==/base.apk. target_sdk_version=33, uses_libraries=, library_path=/data/app/~~NddYgiLplbB7tDhDnt_Xgg==/com.example.quickcash.test-CwWRMN9Dqtutj7l1i0lKcA==/lib/arm64, permitted_path=/data:/mnt/expand:/data/user/0/com.example.quickcash.test
02-17 02:57:17.076 31484 31484 V GraphicsEnvironment: ANGLE Developer option for 'com.example.quickcash.test' set to: 'default'
02-17 02:57:17.077 31484 31484 V GraphicsEnvironment: ANGLE GameManagerService for com.example.quickcash.test: false
02-17 02:57:17.077 31484 31484 V GraphicsEnvironment: Neither updatable production driver nor prerelease driver is supported.
02-17 02:57:17.080 31484 31484 D NetworkSecurityConfig: No Network Security Config specified, using platform default
02-17 02:57:17.081 31484 31484 D NetworkSecurityConfig: No Network Security Config specified, using platform default
02-17 02:57:17.082   386   438 D goldfish-address-space: claimShared: Ask to claim region [0x1849a4000 0x184fd0000]
02-17 02:57:17.086 31484 31508 D libEGL  : loaded /vendor/lib64/egl/libEGL_emulation.so
02-17 02:57:17.087 31484 31508 D libEGL  : loaded /vendor/lib64/egl/libGLESv1_CM_emulation.so
02-17 02:57:17.087 31484 31508 D libEGL  : loaded /vendor/lib64/egl/libGLESv2_emulation.so
02-17 02:57:17.107   838  1179 D BtGatt.ScanManager: uid 10107 isForeground true scanMode -1
02-17 02:57:17.107   838  1179 D BtGatt.ScanManager: uid 10107 isForeground true scanMode -1
02-17 02:57:17.113   386   438 D goldfish-address-space: claimShared: Ask to claim region [0x197660000 0x197c8c000]
02-17 02:57:17.124 31484 31507 D HostConnection: createUnique: call
02-17 02:57:17.125 31484 31507 D HostConnection: HostConnection::get() New Host Connection established 0xb400006e6f8b7350, tid 31507
02-17 02:57:17.126 31484 31507 D HostConnection: HostComposition ext ANDROID_EMU_CHECKSUM_HELPER_v1 ANDROID_EMU_native_sync_v2 ANDROID_EMU_native_sync_v3 ANDROID_EMU_native_sync_v4 ANDROID_EMU_dma_v1 ANDROID_EMU_direct_mem ANDROID_EMU_host_composition_v1 ANDROID_EMU_host_composition_v2 ANDROID_EMU_vulkan ANDROID_EMU_deferred_vulkan_commands ANDROID_EMU_vulkan_null_optional_strings ANDROID_EMU_vulkan_create_resources_with_requirements ANDROID_EMU_YUV_Cache ANDROID_EMU_vulkan_ignored_handles ANDROID_EMU_has_shared_slots_host_memory_allocator ANDROID_EMU_vulkan_free_memory_sync ANDROID_EMU_vulkan_shader_float16_int8 ANDROID_EMU_vulkan_async_queue_submit ANDROID_EMU_vulkan_queue_submit_with_commands ANDROID_EMU_sync_buffer_data ANDROID_EMU_read_color_buffer_dma ANDROID_EMU_hwc_multi_configs GL_OES_EGL_image_external_essl3 GL_OES_vertex_array_object GL_KHR_texture_compression_astc_ldr ANDROID_EMU_host_side_tracing ANDROID_EMU_gles_max_version_3_0
02-17 02:57:17.127 31484 31507 W OpenGLRenderer: Failed to choose config with EGL_SWAP_BEHAVIOR_PRESERVED, retrying without...
02-17 02:57:17.127 31484 31507 W OpenGLRenderer: Failed to initialize 101010-2 format, error = EGL_SUCCESS
02-17 02:57:17.128 31484 31507 D EGL_emulation: eglCreateContext: 0xb400006e6f8b71d0: maj 3 min 0 rcv 3
02-17 02:57:17.129 31484 31507 D EGL_emulation: eglMakeCurrent: 0xb400006e6f8b71d0: ver 3 0 (tinfo 0x709327b080) (first time)
02-17 02:57:17.136   221   221 I hwservicemanager: getTransport: Cannot find entry android.hardware.graphics.mapper@4.0::IMapper/default in either framework or device VINTF manifest.
02-17 02:57:17.136 31484 31507 I Gralloc4: mapper 4.x is not supported
02-17 02:57:17.136 31484 31507 D HostConnection: createUnique: call
02-17 02:57:17.137 31484 31507 D HostConnection: HostConnection::get() New Host Connection established 0xb400006e6f8b6990, tid 31507
02-17 02:57:17.137 31484 31507 D goldfish-address-space: allocate: Ask for block of size 0x100
02-17 02:57:17.137 31484 31507 D goldfish-address-space: allocate: ioctl allocate returned offset 0x173ff8000 size 0x8000
02-17 02:57:17.138   221   221 I hwservicemanager: getTransport: Cannot find entry android.hardware.graphics.allocator@4.0::IAllocator/default in either framework or device VINTF manifest.
02-17 02:57:17.138   220   220 I servicemanager: Could not find android.hardware.graphics.allocator.IAllocator/default in the VINTF manifest.
02-17 02:57:17.138 31484 31507 W Gralloc4: allocator 4.x is not supported
02-17 02:57:17.138   386   438 D goldfish-address-space: claimShared: Ask to claim region [0x19e318000 0x19ecbc000]
02-17 02:57:17.140 31484 31507 D HostConnection: HostComposition ext ANDROID_EMU_CHECKSUM_HELPER_v1 ANDROID_EMU_native_sync_v2 ANDROID_EMU_native_sync_v3 ANDROID_EMU_native_sync_v4 ANDROID_EMU_dma_v1 ANDROID_EMU_direct_mem ANDROID_EMU_host_composition_v1 ANDROID_EMU_host_composition_v2 ANDROID_EMU_vulkan ANDROID_EMU_deferred_vulkan_commands ANDROID_EMU_vulkan_null_optional_strings ANDROID_EMU_vulkan_create_resources_with_requirements ANDROID_EMU_YUV_Cache ANDROID_EMU_vulkan_ignored_handles ANDROID_EMU_has_shared_slots_host_memory_allocator ANDROID_EMU_vulkan_free_memory_sync ANDROID_EMU_vulkan_shader_float16_int8 ANDROID_EMU_vulkan_async_queue_submit ANDROID_EMU_vulkan_queue_submit_with_commands ANDROID_EMU_sync_buffer_data ANDROID_EMU_read_color_buffer_dma ANDROID_EMU_hwc_multi_configs GL_OES_EGL_image_external_essl3 GL_OES_vertex_array_object GL_KHR_texture_compression_astc_ldr ANDROID_EMU_host_side_tracing ANDROID_EMU_gles_max_version_3_0
02-17 02:57:17.141   386   438 D goldfish-address-space: claimShared: Ask to claim region [0x19ecbc000 0x19f660000]
02-17 02:57:17.141   386   438 D goldfish-address-space: claimShared: Ask to claim region [0x1a26ec000 0x1a3090000]
02-17 02:57:17.149 31484 31507 W Parcel  : Expecting binder but got null!
02-17 02:57:17.155   838  1179 D BtGatt.ScanManager: uid 10107 isForeground true scanMode -1
02-17 02:57:17.155   838  1179 D BtGatt.ScanManager: uid 10107 isForeground true scanMode -1
02-17 02:57:17.155  1087  1087 D MainContentCaptureSession: Flushing 1 event(s) for act:com.google.android.apps.nexuslauncher/.NexusLauncherActivity [state=2 (ACTIVE), disabled=false], reason=FULL
02-17 02:57:17.165  1691  1764 I AiAiEcho: Predicting[0]:
02-17 02:57:17.165  1691  1764 I AiAiEcho: Ranked targets strategy: SORT, count: 0, ranking metadata:
02-17 02:57:17.165  1691  1764 I AiAiEcho: #postPredictionTargets: Sending updates to UISurface lockscreen with targets# 0
02-17 02:57:17.167  1691  1764 I AiAiEcho: #postPredictionTargets: Sending updates to UISurface home with targets# 0
02-17 02:57:17.167  1691  1764 I AiAiEcho: #postPredictionTargets: Sending updates to UISurface media_data_manager with targets# 0
02-17 02:57:17.171   386   438 D goldfish-address-space: claimShared: Ask to claim region [0x1a3090000 0x1a3a34000]
02-17 02:57:17.173   386   438 D goldfish-address-space: claimShared: Ask to claim region [0x1a00a0000 0x1a0a44000]
02-17 02:57:17.174   386   438 D goldfish-address-space: claimShared: Ask to claim region [0x1a0a44000 0x1a13e8000]
02-17 02:57:17.177   386   438 D goldfish-address-space: claimShared: Ask to claim region [0x1bd348000 0x1bdcec000]
02-17 02:57:17.179   386   438 D goldfish-address-space: claimShared: Ask to claim region [0x1bdcec000 0x1be690000]
02-17 02:57:17.180   386   438 D goldfish-address-space: claimShared: Ask to claim region [0x1d2690000 0x1d3034000]
02-17 02:57:17.183  1728  1728 I GsaVoiceInteractionSrv: Handling ACTION_START_HOTWORD
02-17 02:57:17.184  1728  2294 I GsaVoiceInteractionSrv: (REDACTED) disregardVoiceMatch: %b
02-17 02:57:17.184  1728  2294 I GsaVoiceInteractionSrv: Cannot start hotword, hotword has been explicitly disabled.
02-17 02:57:17.184  1087  1087 E BcSmartspaceCard: No tap action can be set up
02-17 02:57:17.184   414   508 W TransactionTracing: Could not find layer handle 0xb400007d42956cf0
02-17 02:57:17.184   414   508 W TransactionTracing: Could not find layer handle 0xb400007d42959b10
02-17 02:57:17.189   774  1031 D EGL_emulation: app_time_stats: avg=332.45ms min=15.46ms max=4232.97ms count=15
02-17 02:57:17.201   414   508 W TransactionTracing: Could not find layer handle 0xb400007d4294c3d0
02-17 02:57:17.223  1567  1567 I GoogleInputMethodService: GoogleInputMethodService.onFinishInput():3220
02-17 02:57:17.226  1567  1567 I GoogleInputMethodService: GoogleInputMethodService.updateDeviceLockedStatus():2114 repeatCheckTimes = 0, unlocked = true
02-17 02:57:17.227  1567  1567 I GoogleInputMethodService: GoogleInputMethodService.onStartInput():1919 onStartInput(EditorInfo{inputType=0x0(NULL) imeOptions=0x0 privateImeOptions=null actionName=UNSPECIFIED actionLabel=null actionId=0 initialSelStart=-1 initialSelEnd=-1 initialCapsMode=0x0 hintText=null label=null packageName=com.google.android.apps.nexuslauncher fieldId=-1 fieldName=null extras=null}, false)
02-17 02:57:17.236  1567  1567 I GoogleInputMethodService: GoogleInputMethodService.updateDeviceLockedStatus():2114 repeatCheckTimes = 2, unlocked = true
02-17 02:57:17.243   414   508 W TransactionTracing: Could not find layer handle 0xb400007d42956e10
02-17 02:57:17.487   583   913 W InputManager-JNI: Input channel object 'f19f02b Splash Screen com.example.quickcash.test (client)' was disposed without first being removed with the input manager!
02-17 02:57:17.554   583   913 W InputManager-JNI: Input channel object '428f3ef com.example.quickcash.test/androidx.test.core.app.InstrumentationActivityInvoker$EmptyActivity (client)' was disposed without first being removed with the input manager!
02-17 02:57:17.567   414   508 W TransactionTracing: Could not find layer handle 0xb400007d429545f0
02-17 02:57:17.567   414   508 W TransactionTracing: Could not find layer handle 0xb400007d42953030
02-17 02:57:17.567   414   508 W TransactionTracing: Could not find layer handle 0xb400007d42953030
02-17 02:57:17.567   414   508 W TransactionTracing: Could not find layer handle 0xb400007d429545f0
02-17 02:57:17.605 31382 31382 D LifecycleMonitor: Lifecycle status change: com.example.quickcash.RegisterPage@58ce3e9 in: STOPPED
02-17 02:57:17.605 31382 31382 V ActivityScenario: Update currentActivityStage to STOPPED, currentActivity=com.example.quickcash.RegisterPage@58ce3e9
02-17 02:57:17.606 31382 31382 D AutofillManager: onActivityFinishing(): calling cancelLocked()
02-17 02:57:17.606 31382 31382 D LifecycleMonitor: Lifecycle status change: com.example.quickcash.RegisterPage@58ce3e9 in: DESTROYED
02-17 02:57:17.606 31382 31382 V ActivityScenario: Update currentActivityStage to DESTROYED, currentActivity=null
02-17 02:57:17.607 31382 31439 E TestRunner: failed: checkIfSwitched2LoginPage(com.example.quickcash.registrationTest)
02-17 02:57:17.607 31382 31439 E TestRunner: ----- begin exception -----
02-17 02:57:17.609 31382 31439 E TestRunner: androidx.test.espresso.base.AssertionErrorHandler$AssertionFailedWithCauseError: Wanted to match 1 intents. Actually matched 0 intents.
02-17 02:57:17.609 31382 31439 E TestRunner:
02-17 02:57:17.609 31382 31439 E TestRunner: IntentMatcher: has component: has component with: class name: is "com.example.quickcash.LoginPage" package name: an instance of java.lang.String short class name: an instance of java.lang.String
02-17 02:57:17.609 31382 31439 E TestRunner:
02-17 02:57:17.609 31382 31439 E TestRunner: Matched intents:[]
02-17 02:57:17.609 31382 31439 E TestRunner:
02-17 02:57:17.609 31382 31439 E TestRunner: Recorded intents:
02-17 02:57:17.609 31382 31439 E TestRunner: -Intent { act=android.intent.action.MAIN cat=[android.intent.category.LAUNCHER] flg=0x10008000 cmp=com.example.quickcash/.RegisterPage } handling packages:[[com.example.quickcash]])
02-17 02:57:17.609 31382 31439 E TestRunner: 	at dalvik.system.VMStack.getThreadStackTrace(Native Method)
02-17 02:57:17.609 31382 31439 E TestRunner: 	at java.lang.Thread.getStackTrace(Thread.java:1841)
02-17 02:57:17.609 31382 31439 E TestRunner: 	at androidx.test.espresso.base.AssertionErrorHandler.handleSafely(AssertionErrorHandler.java:3)
02-17 02:57:17.609 31382 31439 E TestRunner: 	at androidx.test.espresso.base.AssertionErrorHandler.handleSafely(AssertionErrorHandler.java:1)
02-17 02:57:17.609 31382 31439 E TestRunner: 	at androidx.test.espresso.base.DefaultFailureHandler$TypedFailureHandler.handle(DefaultFailureHandler.java:4)
02-17 02:57:17.609 31382 31439 E TestRunner: 	at androidx.test.espresso.base.DefaultFailureHandler.handle(DefaultFailureHandler.java:5)
02-17 02:57:17.609 31382 31439 E TestRunner: 	at androidx.test.espresso.ViewInteraction.waitForAndHandleInteractionResults(ViewInteraction.java:5)
02-17 02:57:17.609 31382 31439 E TestRunner: 	at androidx.test.espresso.ViewInteraction.check(ViewInteraction.java:12)
02-17 02:57:17.609 31382 31439 E TestRunner: 	at androidx.test.espresso.intent.Intents.intended(Intents.java:188)
02-17 02:57:17.609 31382 31439 E TestRunner: 	at androidx.test.espresso.intent.Intents.intended(Intents.java:169)
02-17 02:57:17.609 31382 31439 E TestRunner: 	at com.example.quickcash.registrationTest.checkIfSwitched2LoginPage(registrationTest.java:83)
02-17 02:57:17.609 31382 31439 E TestRunner: 	at java.lang.reflect.Method.invoke(Native Method)
02-17 02:57:17.609 31382 31439 E TestRunner: 	at org.junit.runners.model.FrameworkMethod$1.runReflectiveCall(FrameworkMethod.java:59)
02-17 02:57:17.609 31382 31439 E TestRunner: 	at org.junit.internal.runners.model.ReflectiveCallable.run(ReflectiveCallable.java:12)
02-17 02:57:17.609 31382 31439 E TestRunner: 	at org.junit.runners.model.FrameworkMethod.invokeExplosively(FrameworkMethod.java:56)
02-17 02:57:17.609 31382 31439 E TestRunner: 	at org.junit.internal.runners.statements.InvokeMethod.evaluate(InvokeMethod.java:17)
02-17 02:57:17.609 31382 31439 E TestRunner: 	at org.junit.rules.ExternalResource$1.evaluate(ExternalResource.java:54)
02-17 02:57:17.609 31382 31439 E TestRunner: 	at org.junit.runners.ParentRunner$3.evaluate(ParentRunner.java:306)
02-17 02:57:17.609 31382 31439 E TestRunner: 	at org.junit.runners.BlockJUnit4ClassRunner$1.evaluate(BlockJUnit4ClassRunner.java:100)
02-17 02:57:17.609 31382 31439 E TestRunner: 	at org.junit.runners.ParentRunner.runLeaf(ParentRunner.java:366)
02-17 02:57:17.609 31382 31439 E TestRunner: 	at org.junit.runners.BlockJUnit4ClassRunner.runChild(BlockJUnit4ClassRunner.java:103)
02-17 02:57:17.609 31382 31439 E TestRunner: 	at org.junit.runners.BlockJUnit4ClassRunner.runChild(BlockJUnit4ClassRunner.java:63)
02-17 02:57:17.609 31382 31439 E TestRunner: 	at org.junit.runners.ParentRunner$4.run(ParentRunner.java:331)
02-17 02:57:17.609 31382 31439 E TestRunner: 	at org.junit.runners.ParentRunner$1.schedule(ParentRunner.java:79)
02-17 02:57:17.609 31382 31439 E TestRunner: 	at org.junit.runners.ParentRunner.runChildren(ParentRunner.java:329)
02-17 02:57:17.609 31382 31439 E TestRunner: 	at org.junit.runners.ParentRunner.access$100(ParentRunner.java:66)
02-17 02:57:17.609 31382 31439 E TestRunner: 	at org.junit.runners.ParentRunner$2.evaluate(ParentRunner.java:293)
02-17 02:57:17.609 31382 31439 E TestRunner: 	at org.junit.internal.runners.statements.RunBefores.evaluate(RunBefores.java:26)
02-17 02:57:17.609 31382 31439 E TestRunner: 	at org.junit.internal.runners.statements.RunAfters.evaluate(RunAfters.java:27)
02-17 02:57:17.609 31382 31439 E TestRunner: 	at org.junit.runners.ParentRunner$3.evaluate(ParentRunner.java:306)
02-17 02:57:17.609 31382 31439 E TestRunner: 	at org.junit.runners.ParentRunner.run(ParentRunner.java:413)
02-17 02:57:17.609 31382 31439 E TestRunner: 	at androidx.test.ext.junit.runners.AndroidJUnit4.run(AndroidJUnit4.java:162)
02-17 02:57:17.609 31382 31439 E TestRunner: 	at org.junit.runners.Suite.runChild(Suite.java:128)
02-17 02:57:17.609 31382 31439 E TestRunner: 	at org.junit.runners.Suite.runChild(Suite.java:27)
02-17 02:57:17.609 31382 31439 E TestRunner: 	at org.junit.runners.ParentRunner$4.run(ParentRunner.java:331)
02-17 02:57:17.609 31382 31439 E TestRunner: 	at org.junit.runners.ParentRunner$1.schedule(ParentRunner.java:79)
02-17 02:57:17.609 31382 31439 E TestRunner: 	at org.junit.runners.ParentRunner.runChildren(ParentRunner.java:329)
02-17 02:57:17.609 31382 31439 E TestRunner: 	at org.junit.runners.ParentRunner.access$100(ParentRunner.java:66)
02-17 02:57:17.609 31382 31439 E TestRunner: 	at org.junit.runners.ParentRunner$2.evaluate(ParentRunner.java:293)
02-17 02:57:17.609 31382 31439 E TestRunner: 	at org.junit.runners.ParentRunner$3.evaluate(ParentRunner.java:306)
02-17 02:57:17.609 31382 31439 E TestRunner: 	at org.junit.runners.ParentRunner.run(ParentRunner.java:413)
02-17 02:57:17.609 31382 31439 E TestRunner: 	at org.junit.runner.JUnitCore.run(JUnitCore.java:137)
02-17 02:57:17.609 31382 31439 E TestRunner: 	at org.junit.runner.JUnitCore.run(JUnitCore.java:115)
02-17 02:57:17.609 31382 31439 E TestRunner: 	at androidx.test.internal.runner.TestExecutor.execute(TestExecutor.java:67)
02-17 02:57:17.609 31382 31439 E TestRunner: 	at androidx.test.internal.runner.TestExecutor.execute(TestExecutor.java:58)
02-17 02:57:17.609 31382 31439 E TestRunner: 	at androidx.test.runner.AndroidJUnitRunner.onStart(AndroidJUnitRunner.java:446)
02-17 02:57:17.609 31382 31439 E TestRunner: 	at android.app.Instrumentation$InstrumentationThread.run(Instrumentation.java:2361)
02-17 02:57:17.609 31382 31439 E TestRunner: Caused by: junit.framework.AssertionFailedError: Wanted to match 1 intents. Actually matched 0 intents.
02-17 02:57:17.609 31382 31439 E TestRunner:
02-17 02:57:17.609 31382 31439 E TestRunner: IntentMatcher: has component: has component with: class name: is "com.example.quickcash.LoginPage" package name: an instance of java.lang.String short class name: an instance of java.lang.String
02-17 02:57:17.609 31382 31439 E TestRunner:
02-17 02:57:17.609 31382 31439 E TestRunner: Matched intents:[]
02-17 02:57:17.609 31382 31439 E TestRunner:
02-17 02:57:17.609 31382 31439 E TestRunner: Recorded intents:
02-17 02:57:17.609 31382 31439 E TestRunner: -Intent { act=android.intent.action.MAIN cat=[android.intent.category.LAUNCHER] flg=0x10008000 cmp=com.example.quickcash/.RegisterPage } handling packages:[[com.example.quickcash]])
02-17 02:57:17.609 31382 31439 E TestRunner: 	at junit.framework.Assert.fail(Assert.java:50)
02-17 02:57:17.609 31382 31439 E TestRunner: 	at androidx.test.espresso.intent.VerificationModes$Times.verify(VerificationModes.java:80)
02-17 02:57:17.609 31382 31439 E TestRunner: 	at androidx.test.espresso.intent.Intents.internalIntended(Intents.java:316)
02-17 02:57:17.609 31382 31439 E TestRunner: 	at androidx.test.espresso.intent.Intents$2.check(Intents.java:192)
02-17 02:57:17.609 31382 31439 E TestRunner: 	at androidx.test.espresso.ViewInteraction$SingleExecutionViewAssertion.check(ViewInteraction.java:2)
02-17 02:57:17.609 31382 31439 E TestRunner: 	at androidx.test.espresso.ViewInteraction$2.call(ViewInteraction.java:14)
02-17 02:57:17.609 31382 31439 E TestRunner: 	at androidx.test.espresso.ViewInteraction$2.call(ViewInteraction.java:1)
02-17 02:57:17.609 31382 31439 E TestRunner: 	at java.util.concurrent.FutureTask.run(FutureTask.java:264)
02-17 02:57:17.609 31382 31439 E TestRunner: 	at android.os.Handler.handleCallback(Handler.java:942)
02-17 02:57:17.609 31382 31439 E TestRunner: 	at android.os.Handler.dispatchMessage(Handler.java:99)
02-17 02:57:17.609 31382 31439 E TestRunner: 	at android.os.Looper.loopOnce(Looper.java:201)
02-17 02:57:17.609 31382 31439 E TestRunner: 	at android.os.Looper.loop(Looper.java:288)
02-17 02:57:17.609 31382 31439 E TestRunner: 	at android.app.ActivityThread.main(ActivityThread.java:7872)
02-17 02:57:17.609 31382 31439 E TestRunner: 	at java.lang.reflect.Method.invoke(Native Method)
02-17 02:57:17.609 31382 31439 E TestRunner: 	at com.android.internal.os.RuntimeInit$MethodAndArgsCaller.run(RuntimeInit.java:548)
02-17 02:57:17.609 31382 31439 E TestRunner: 	at com.android.internal.os.ZygoteInit.main(ZygoteInit.java:936)
02-17 02:57:17.609 31382 31439 E TestRunner: ----- end exception -----
02-17 02:57:17.610 31382 31439 I TestRunner: finished: checkIfSwitched2LoginPage(com.example.quickcash.registrationTest)
